2026-07-24T08:17:52.435Z - 
============================================================
TO: ncsrgt@gmail.com
SUBJECT: Confirmez votre adresse email - Kasa

Bonjour,

Merci de vous être inscrit sur Kasa.
Veuillez confirmer votre adresse email en cliquant sur le lien suivant:
http://localhost:3001/verify-email?token=0eab0f8acc2623c887f1a6f7aa5a29a7ca5986160176354929701ed2c6eec6a5

Ce lien expirera dans 24 heures.

Si vous n'avez pas créé de compte, vous pouvez ignorer cet email.
============================================================
  
2026-07-24T08:28:32.546Z - 
============================================================
TO: ncsrgt@gmail.com
SUBJECT: Confirmez votre adresse email - Kasa

Bonjour,

Merci de vous être inscrit sur Kasa.
Veuillez confirmer votre adresse email en cliquant sur le lien suivant:
http://localhost:3001/verify-email?token=cbf20da87c66e7f1bf68f100b3d95fb6c72d627d2e941fd24f46945f4460617e

Ce lien expirera dans 24 heures.

Si vous n'avez pas créé de compte, vous pouvez ignorer cet email.
============================================================
  
2026-07-24T08:33:40.902Z - 
============================================================
TO: ncsrgt@gmail.com
SUBJECT: Confirmez votre adresse email - Kasa

Bonjour,

Merci de vous être inscrit sur Kasa.
Veuillez confirmer votre adresse email en cliquant sur le lien suivant:
http://localhost:3001/verify-email?token=323ab2ed69d9a913fbf61d2d0c90d1d996b9d64b62b57e5ae99474e5974bdeb9

Ce lien expirera dans 24 heures.

Si vous n'avez pas créé de compte, vous pouvez ignorer cet email.
============================================================
  
2026-07-24T08:35:36.584Z - 
============================================================
TO: ncsrgt@gmail.com
SUBJECT: Confirmez votre adresse email - Kasa

Bonjour,

Merci de vous être inscrit sur Kasa.
Veuillez confirmer votre adresse email en cliquant sur le lien suivant:
http://localhost:3001/verify-email?token=6c307e76ba5c9863ad1932ccf801b43086197c267ca601200f6df26cfb87e14a

Ce lien expirera dans 24 heures.

Si vous n'avez pas créé de compte, vous pouvez ignorer cet email.
============================================================
  
